2026-03-11 21:44:14 monitor started: workspace=/Users/cz/Work/MLFF_agent/workspace initial_interval=30s agent_pattern='test8_cips_curie' project='perlmutter'
2026-03-11 21:44:14 checks: agent_alive, runner_alive, mongodb, error_rate
2026-03-11 21:44:14 backoff: 30s -> 1200s (2x, reset on new FAIL)
2026-03-11 21:44:14 agent_alive=OK: pid=74530
2026-03-11 21:44:14 runner_alive=OK: runner alive (foreground, project=perlmutter, pid=73836)
2026-03-11 21:44:14 mongodb=OK: ping successful
2026-03-11 21:44:14 error_rate=OK: no steps.jsonl yet
2026-03-11 21:44:14 backoff increased to 60s
2026-03-11 21:45:15 agent_alive=OK: pid=74530
2026-03-11 21:45:15 runner_alive=OK: runner alive (foreground, project=perlmutter, pid=73836)
2026-03-11 21:45:15 mongodb=OK: ping successful
2026-03-11 21:45:15 [ALERT] error_rate=FAIL: 1/1 errors in last 1 steps (100%), 1 total steps. Run: /analyze-agent /Users/cz/Work/MLFF_agent/workspace/steps.jsonl
2026-03-11 21:45:15 backoff reset to 30s (new failure detected)
2026-03-11 21:45:45 agent_alive=OK: pid=74530
2026-03-11 21:45:45 runner_alive=OK: runner alive (foreground, project=perlmutter, pid=73836)
2026-03-11 21:45:45 mongodb=OK: ping successful
2026-03-11 21:45:45 [RECOVERED] error_rate=OK: 1/2 errors (50%), 2 total steps
2026-03-11 21:45:45 backoff increased to 60s
2026-03-11 21:46:45 agent_alive=OK: pid=74530
2026-03-11 21:46:45 runner_alive=OK: runner alive (foreground, project=perlmutter, pid=73836)
2026-03-11 21:46:45 mongodb=OK: ping successful
2026-03-11 21:46:45 error_rate=OK: 1/3 errors (33%), 3 total steps
2026-03-11 21:46:45 backoff increased to 120s
2026-03-11 21:48:46 agent_alive=OK: pid=74530
2026-03-11 21:48:46 runner_alive=OK: runner alive (foreground, project=perlmutter, pid=73836)
2026-03-11 21:48:46 mongodb=OK: ping successful
2026-03-11 21:48:46 error_rate=OK: 1/4 errors (25%), 4 total steps
2026-03-11 21:48:46 backoff increased to 240s
2026-03-11 21:52:47 agent_alive=OK: pid=74530
2026-03-11 21:52:47 runner_alive=OK: runner alive (foreground, project=perlmutter, pid=73836)
2026-03-11 21:52:47 mongodb=OK: ping successful
2026-03-11 21:52:47 error_rate=OK: 1/6 errors (17%), 6 total steps
2026-03-11 21:52:47 backoff increased to 480s
2026-03-11 22:00:49 agent_alive=OK: pid=74530
2026-03-11 22:00:49 runner_alive=OK: runner alive (foreground, project=perlmutter, pid=73836)
2026-03-11 22:00:49 mongodb=OK: ping successful
2026-03-11 22:00:49 error_rate=OK: 1/6 errors (17%), 6 total steps
2026-03-11 22:00:49 backoff increased to 960s
2026-03-11 22:16:53 agent_alive=OK: pid=74530
2026-03-11 22:16:53 runner_alive=OK: runner alive (foreground, project=perlmutter, pid=73836)
2026-03-11 22:16:53 mongodb=OK: ping successful
2026-03-11 22:16:53 error_rate=OK: 1/8 errors (12%), 8 total steps
2026-03-11 22:16:53 backoff increased to 1200s
2026-03-11 22:36:57 agent_alive=OK: pid=74530
2026-03-11 22:36:57 runner_alive=OK: runner alive (foreground, project=perlmutter, pid=73836)
2026-03-11 22:36:57 mongodb=OK: ping successful
2026-03-11 22:36:57 error_rate=OK: 1/10 errors (10%), 10 total steps
2026-03-11 22:57:04 agent_alive=OK: pid=74530
2026-03-11 22:57:04 runner_alive=OK: runner alive (foreground, project=perlmutter, pid=73836)
2026-03-11 22:57:04 mongodb=OK: ping successful
2026-03-11 22:57:04 error_rate=OK: 0/10 errors (0%), 12 total steps
2026-03-11 23:17:10 agent_alive=OK: pid=74530
2026-03-11 23:17:10 runner_alive=OK: runner alive (foreground, project=perlmutter, pid=73836)
2026-03-11 23:17:10 mongodb=OK: ping successful
2026-03-11 23:17:10 error_rate=OK: 0/10 errors (0%), 12 total steps
2026-03-11 23:37:14 agent_alive=OK: pid=74530
2026-03-11 23:37:14 runner_alive=OK: runner alive (foreground, project=perlmutter, pid=73836)
2026-03-11 23:37:14 mongodb=OK: ping successful
2026-03-11 23:37:14 error_rate=OK: 0/10 errors (0%), 12 total steps
2026-03-11 23:57:19 agent_alive=OK: pid=74530
2026-03-11 23:57:19 runner_alive=OK: runner alive (foreground, project=perlmutter, pid=73836)
2026-03-11 23:57:19 mongodb=OK: ping successful
2026-03-11 23:57:19 error_rate=OK: 1/10 errors (10%), 14 total steps
2026-03-12 00:05:04 monitor stopped
